[21:08:37] [ServerMain/INFO]: [bootstrap] Running Java 25 (OpenJDK 64-Bit Server VM 25.0.4+7-LTS; Eclipse Adoptium Temurin-25.0.4+7) on Linux 6.8.0-138-generic (amd64)
[21:08:37] [ServerMain/INFO]: [bootstrap] Loading Paper 26.2-124-ver/26.2@22ca6c7 (2026-09-15T17:48:49Z) for Minecraft 26.2
[21:08:37] [ServerMain/INFO]: [PluginInitializerManager] Initializing plugins...
[21:08:38] [ServerMain/INFO]: [PluginInitializerManager] Initialized 10 plugins
[21:08:38] [ServerMain/INFO]: [PluginInitializerManager] Paper plugins (2):
 - Veinminer (2.12.1), Veinminer_Enchantment (2.11.2)
[21:08:38] [ServerMain/INFO]: [PluginInitializerManager] Bukkit plugins (8):
 - AlwaysOnline (6.4.1), AutoTreeChop (1.7.5-alpha+8855735), GrapplingHook (1.6.5), LoginSecurity (3.3.1), SetHome (6.3), SimpleRTP (5.7), SimpleTpa (8.0), SkinsRestorer (15.12.5)
[21:08:38] [ServerMain/ERROR]: [BootstrapProviderStorage] Failed to run bootstrapper for plugins/veinminer-enchant-2.11.2+1.21.1.jar. This plugin will not be loaded.
java.lang.NoSuchMethodError: 'io.papermc.paper.plugin.lifecycle.event.types.LifecycleEventType$Prioritizable io.papermc.paper.registry.event.RegistryEventProvider.freeze()'
	at veinminer-enchant-2.11.2+1.21.1.jar//de.miraculixx.veinminerEnchant.paper.VeinminerEnchantmentBootstrapper.bootstrap(VeinminerEnchantmentBootstrapper.java:40) ~[?:?]
	at io.papermc.paper.plugin.storage.BootstrapProviderStorage$1.load(BootstrapProviderStorage.java:36) ~[paper-26.2.jar:26.2-124-22ca6c7]
	at io.papermc.paper.plugin.storage.BootstrapProviderStorage$1.load(BootstrapProviderStorage.java:24) ~[paper-26.2.jar:26.2-124-22ca6c7]
	at io.papermc.paper.plugin.entrypoint.strategy.modern.ModernPluginLoadingStrategy.loadProviders(ModernPluginLoadingStrategy.java:117) ~[paper-26.2.jar:26.2-124-22ca6c7]
	at io.papermc.paper.plugin.storage.SimpleProviderStorage.enter(SimpleProviderStorage.java:38) ~[paper-26.2.jar:26.2-124-22ca6c7]
	at io.papermc.paper.plugin.entrypoint.LaunchEntryPointHandler.enter(LaunchEntryPointHandler.java:39) ~[paper-26.2.jar:26.2-124-22ca6c7]
	at io.papermc.paper.plugin.entrypoint.LaunchEntryPointHandler.enterBootstrappers(LaunchEntryPointHandler.java:29) ~[paper-26.2.jar:26.2-124-22ca6c7]
	at net.minecraft.server.Bootstrap.bootStrap(Bootstrap.java:47) ~[paper-26.2.jar:26.2-124-22ca6c7]
	at net.minecraft.server.Main.main(Main.java:114) ~[paper-26.2.jar:26.2-124-22ca6c7]
	at io.papermc.paper.PaperBootstrap.boot(PaperBootstrap.java:25) ~[paper-26.2.jar:26.2-124-22ca6c7]
	at org.bukkit.craftbukkit.Main.main(Main.java:204) ~[paper-26.2.jar:26.2-124-22ca6c7]
	at io.papermc.paperclip.Paperclip.lambda$main$0(Paperclip.java:42) ~[?:?]
	at java.base/java.lang.Thread.run(Thread.java:1474) ~[?:?]
[21:08:43] [DataConverter MCTypeRegistry init thread/INFO]: [ca.spottedleaf.dataconverter.minecraft.datatypes.MCTypeRegistry] Initialising converters for DataConverter...
[21:08:43] [ServerMain/INFO]: Environment: Environment[sessionHost=https://sessionserver.mojang.com, servicesHost=https://api.minecraftservices.com, profilesHost=https://api.mojang.com, name=PROD]
[21:08:43] [DataConverter MCTypeRegistry init thread/INFO]: [ca.spottedleaf.dataconverter.minecraft.datatypes.MCTypeRegistry] Finished initialising converters for DataConverter in 551.2ms
[21:08:45] [ServerMain/INFO]: Loaded 1585 recipes
[21:08:45] [ServerMain/INFO]: Loaded 1688 advancements
[21:08:45] [Server thread/INFO]: Starting minecraft server version 26.2
[21:08:45] [Server thread/INFO]: Loading properties
[21:08:45] [Server thread/INFO]: This server is running Paper version 26.2-124-ver/26.2@22ca6c7 (2026-09-15T17:48:49Z) (Implementing API version 26.2.build.124-stable)
[21:08:46] [Server thread/INFO]: [spark] This server bundles the spark profiler. For more information please visit https://docs.papermc.io/paper/profiling
[21:08:46] [Server thread/INFO]: Server Ping Player Sample Count: 12
[21:08:46] [Server thread/INFO]: Using 4 threads for Netty based IO
[21:08:46] [Server thread/INFO]: [MoonriseCommon] Paper is using 3 worker threads, 1 I/O threads
[21:08:46] [Server thread/INFO]: Default game type: SURVIVAL
[21:08:46] [Server thread/INFO]: Generating keypair
[21:08:46] [Server thread/INFO]: Starting Minecraft server on *:28190
[21:08:46] [Server thread/INFO]: Paper: Using libdeflate (Linux x86_64) compression from Velocity.
[21:08:46] [Server thread/INFO]: Paper: Using OpenSSL 3.x.x (Linux x86_64) cipher from Velocity.
[21:08:46] [Server thread/WARN]: [org.bukkit.craftbukkit.legacy.CraftLegacy] Initializing Legacy Material Support. Unless you have legacy plugins and/or data this is a bug!
[21:08:59] [Server thread/WARN]: Legacy plugin AlwaysOnline v6.4.1 does not specify an api-version.
[21:08:59] [Server thread/INFO]: [LoginSecurity] Loading server plugin LoginSecurity v3.3.1
[21:08:59] [Server thread/INFO]: [AlwaysOnline] Loading server plugin AlwaysOnline v6.4.1
[21:08:59] [Server thread/INFO]: [SimpleTpa] Loading server plugin SimpleTpa v8.0
[21:08:59] [Server thread/INFO]: [Veinminer] Loading server plugin Veinminer v2.12.1
[21:08:59] [Server thread/INFO]: [Veinminer] Detected platform: Paper
[21:08:59] [Server thread/INFO]: [SkinsRestorer] Loading server plugin SkinsRestorer v15.12.5
[21:08:59] [Server thread/INFO]: [SimpleRTP] Loading server plugin SimpleRTP v5.7
[21:08:59] [Server thread/INFO]: [GrapplingHook] Loading server plugin GrapplingHook v1.6.5
[21:08:59] [Server thread/INFO]: [AutoTreeChop] Loading server plugin AutoTreeChop v1.7.5-alpha+8855735
[21:08:59] [Server thread/INFO]: [SetHome] Loading server plugin SetHome v6.3
[21:08:59] [Server thread/INFO]: [Veinminer] Enabling Veinminer v2.12.1
[21:08:59] [Server thread/INFO]: [SkinsRestorer] Enabling SkinsRestorer v15.12.5
[21:08:59] [DefaultDispatcher-worker-1/INFO]: [de.miraculixx.veinminer.Veinminer] veinminer is up to date
[21:09:00] [Server thread/INFO]: [SkinsRestorer] Running on Minecraft 26.2.0.
[21:09:00] [Server thread/INFO]: [SkinsRestorer] Using paper join listener!
[21:09:00] [Server thread/WARN]: **** SERVER IS RUNNING IN OFFLINE/INSECURE MODE!
[21:09:00] [Server thread/WARN]: The server will make no attempt to authenticate usernames. Beware.
[21:09:00] [Server thread/WARN]: While this makes the game possible to play without internet access, it also opens up the ability for hackers to connect with any username they choose.
[21:09:00] [Server thread/WARN]: To change this, set "online-mode" to "true" in the server.properties file.
[21:09:00] [Server thread/INFO]: Preparing level "BlublubySMP"
[21:09:01] [Folia Async Scheduler Thread #1/INFO]: [SkinsRestorer] ----------------------------------------------
[21:09:01] [Folia Async Scheduler Thread #1/INFO]: [SkinsRestorer]     +===================+
[21:09:01] [Folia Async Scheduler Thread #1/INFO]: [SkinsRestorer]     |   SkinsRestorer   |
[21:09:01] [Folia Async Scheduler Thread #1/INFO]: [SkinsRestorer]     |-------------------|
[21:09:01] [Folia Async Scheduler Thread #1/INFO]: [SkinsRestorer]     |  Standalone Mode  |
[21:09:01] [Folia Async Scheduler Thread #1/INFO]: [SkinsRestorer]     +===================+
[21:09:01] [Folia Async Scheduler Thread #1/INFO]: [SkinsRestorer] ----------------------------------------------
[21:09:01] [Folia Async Scheduler Thread #1/INFO]: [SkinsRestorer]     Version: 15.12.5
[21:09:01] [Folia Async Scheduler Thread #1/INFO]: [SkinsRestorer]     Commit: 98b9488
[21:09:01] [Folia Async Scheduler Thread #1/INFO]: [SkinsRestorer]     This is the latest version!
[21:09:01] [Folia Async Scheduler Thread #1/INFO]: [SkinsRestorer] ----------------------------------------------
[21:09:01] [Folia Async Scheduler Thread #1/INFO]: [SkinsRestorer] Do you have issues? Read our troubleshooting guide: https://skinsrestorer.net/docs/troubleshooting
[21:09:01] [Folia Async Scheduler Thread #1/INFO]: [SkinsRestorer] Want to support SkinsRestorer or receive priority support? Become a supporter: https://skinsrestorer.net/pricing
[21:09:01] [Server thread/INFO]: Loading 0 persistent chunks for level 'minecraft:overworld'...
[21:09:01] [Server thread/INFO]: Preparing spawn area: 100%
[21:09:01] [Server thread/INFO]: Prepared spawn area in 2 ms
[21:09:01] [Server thread/INFO]: Loading 0 persistent chunks for level 'minecraft:the_nether'...
[21:09:01] [Server thread/INFO]: Prepared spawn area in 0 ms
[21:09:01] [Server thread/INFO]: Loading 0 persistent chunks for level 'minecraft:the_end'...
[21:09:01] [Server thread/INFO]: Prepared spawn area in 0 ms
[21:09:01] [Server thread/INFO]: Done preparing level "BlublubySMP" (0.517s)
[21:09:01] [Server thread/INFO]: [LoginSecurity] Enabling LoginSecurity v3.3.1
[21:09:01] [Server thread/INFO]: [LoginSecurity] Loading base translations from "en_us"
[21:09:01] [Server thread/INFO]: [LoginSecurity] Loading specified translations from "en_us"
[21:09:01] [Server thread/INFO]: [LoginSecurity] Registering commands...
[21:09:01] [Server thread/INFO]: [LoginSecurity] Registering listeners...
[21:09:01] [Server thread/WARN]: [LoginSecurity] "LoginSecurity v3.3.1" has registered a listener for org.spigotmc.event.player.PlayerSpawnLocationEvent on method "public void com.lenis0012.bukkit.loginsecurity.modules.general.PlayerListener.maskPlayerLocation(org.spigotmc.event.player.PlayerSpawnLocationEvent)", but the event is Deprecated. "Listening to this event causes the player to be created early. Using the player from this event will result in undefined behavior. Prefer AsyncPlayerSpawnLocationEvent."; please notify the authors [lenis0012].
[21:09:01] [Server thread/INFO]: [LoginSecurity] Using 1.13+ map captcha renderer
[21:09:01] [Server thread/INFO]: [AlwaysOnline] Enabling AlwaysOnline v6.4.1*
[21:09:01] [Server thread/INFO]: [AlwaysOnline] This server is running in offline mode, so this plugin will have no use on this server!
[21:09:01] [Server thread/INFO]: [AlwaysOnline] If you are running bungeecord, please put AlwaysOnline in the bungeecord plugins directory.
[21:09:01] [Server thread/INFO]: [AlwaysOnline] If you are not running bungeecord, then please remove AlwaysOnline.
[21:09:01] [Server thread/INFO]: [AlwaysOnline] Disabling AlwaysOnline v6.4.1
[21:09:01] [Server thread/INFO]: [SimpleTpa] Enabling SimpleTpa v8.0
[21:09:01] [Server thread/INFO]: [SimpleTpa] If you need support contact me at https://discord.gg/SZUkza9
[21:09:01] [Server thread/INFO]: [SimpleTpa] Simple Tpa has been enabled on version 8.0
[21:09:01] [Server thread/INFO]: Enabled metrics. You may opt-out by changing plugins/bStats/config.yml
[21:09:01] [Server thread/INFO]: [SimpleRTP] Enabling SimpleRTP v5.7
[21:09:01] [Server thread/INFO]: [GrapplingHook] Enabling GrapplingHook v1.6.5
[21:09:01] [Server thread/INFO]: [GrapplingHook] Loaded 8 recipes.
[21:09:01] [Server thread/INFO]: [AutoTreeChop] Enabling AutoTreeChop v1.7.5-alpha+8855735
[21:09:02] [Server thread/INFO]: [AutoTreeChop] Loaded 13 log types
[21:09:02] [Server thread/INFO]: [AutoTreeChop] Loaded 13 leaf types
[21:09:02] [Server thread/INFO]: [AutoTreeChop] Loaded 9 log-sapling mappings
[21:09:02] [Server thread/INFO]: [org.milkteamc.autotreechop.libs.hikari.HikariDataSource] HikariPool-1 - Starting...
[21:09:02] [Server thread/INFO]: [org.milkteamc.autotreechop.libs.hikari.pool.HikariPool] HikariPool-1 - Added connection org.sqlite.jdbc4.JDBC4Connection@50a608e5
[21:09:02] [Server thread/INFO]: [org.milkteamc.autotreechop.libs.hikari.HikariDataSource] HikariPool-1 - Start completed.
[21:09:02] [Server thread/INFO]: [AutoTreeChop] AutoTreeChop enabled!
[21:09:02] [Server thread/INFO]: [SetHome] Enabling SetHome v6.3
[21:09:02] [Server thread/INFO]: [spark] Starting background profiler...
[21:09:03] [Server thread/INFO]: JMX monitoring enabled
[21:09:03] [Server thread/INFO]: Saving chunks for level 'ServerLevel[BlublubySMP]'/minecraft:overworld
[21:09:03] [Server thread/INFO]: Saving chunks for level 'ServerLevel[BlublubySMP]'/minecraft:the_nether
[21:09:03] [Server thread/INFO]: Saving chunks for level 'ServerLevel[BlublubySMP]'/minecraft:the_end
[21:09:03] [Server thread/INFO]: ThreadedAnvilChunkStorage (world): All chunks are saved
[21:09:03] [Server thread/INFO]: ThreadedAnvilChunkStorage (DIM-1): All chunks are saved
[21:09:03] [Server thread/INFO]: ThreadedAnvilChunkStorage (DIM1): All chunks are saved
[21:09:03] [Server thread/INFO]: ThreadedAnvilChunkStorage: All dimensions are saved
[21:09:03] [Server thread/INFO]: Running delayed init tasks
[21:09:03] [Server thread/INFO]: [de.miraculixx.veinminer.Veinminer] All events enabled!
[21:09:03] [Server thread/INFO]: Done (27.126s)! For help, type "help"
[21:09:21] [User Authenticator #0/INFO]: UUID of player Neshrew is e3ce5d88-37a0-3e99-8fea-772ec3d42979
[21:09:21] [Server thread/INFO]: [HorriblePlayerLoginEventHack] You have plugins listening to the PlayerLoginEvent, this will cause re-configuration APIs to be unavailable: [LoginSecurity]
[21:09:26] [User Authenticator #1/INFO]: UUID of player KONTONBOOGIE is 168546a3-b99d-3e06-be4e-f287827f5182
[21:09:30] [Server thread/INFO]: KONTONBOOGIE joined the game
[21:09:31] [Server thread/INFO]: KONTONBOOGIE[/18.201.102.205:60510] logged in with entity id 2 at ([minecraft:overworld]-178.46029647935995, -34.0, 72.37548141230735)
[21:09:31] [Server thread/INFO]: Neshrew joined the game
[21:09:31] [Server thread/INFO]: Neshrew[/18.201.102.205:39088] logged in with entity id 1 at ([minecraft:overworld]-291.34812977671805, 66.0, -1.7464183840436547)
[21:10:18] [Server thread/INFO]: Neshrew fell from a high place
[21:10:26] [Server thread/INFO]: Neshrew issued server command: /back
[21:18:57] [Server thread/INFO]: Neshrew drowned
[21:19:02] [Server thread/INFO]: Neshrew issued server command: /back
[21:25:32] [Server thread/INFO]: KONTONBOOGIE issued server command: /home
[21:27:48] [Server thread/INFO]: KONTONBOOGIE issued server command: /tpa Neshrew
[21:27:55] [Server thread/INFO]: Neshrew issued server command: /tpaccept
[21:33:02] [Server thread/INFO]: Neshrew was doomed to fall by Skeleton
[21:33:07] [Server thread/INFO]: Neshrew issued server command: /back
[21:35:05] [Server thread/INFO]: Neshrew lost connection: Disconnected
[21:35:05] [Server thread/INFO]: Neshrew left the game
[21:40:25] [Async Chat Thread - #0/INFO]: [Not Secure] <KONTONBOOGIE> wxt
[21:52:40] [Async Chat Thread - #1/INFO]: [Not Secure] <KONTONBOOGIE> s
[22:04:29] [Server thread/INFO]: KONTONBOOGIE lost connection: Disconnected
[22:04:29] [Server thread/INFO]: KONTONBOOGIE left the game
[22:05:19] [User Authenticator #2/INFO]: UUID of player KONTONBOOGIE is 168546a3-b99d-3e06-be4e-f287827f5182
[22:05:23] [Server thread/INFO]: KONTONBOOGIE joined the game
[22:05:23] [Server thread/INFO]: KONTONBOOGIE[/18.201.102.205:59482] logged in with entity id 10585 at ([minecraft:overworld]-289.6906266724646, 64.92159999847412, 5.544432271969411)
[22:05:47] [Server thread/INFO]: Stopping the server
[22:05:47] [Server thread/INFO]: Stopping server
[22:05:47] [Server thread/INFO]: [SetHome] Disabling SetHome v6.3
[22:05:47] [Server thread/INFO]: [AutoTreeChop] Disabling AutoTreeChop v1.7.5-alpha+8855735
[22:05:47] [Server thread/INFO]: [AutoTreeChop] Saving all player data before shutdown...
[22:05:47] [Server thread/INFO]: [org.milkteamc.autotreechop.libs.hikari.HikariDataSource] HikariPool-1 - Shutdown initiated...
[22:05:47] [Server thread/INFO]: [org.milkteamc.autotreechop.libs.hikari.HikariDataSource] HikariPool-1 - Shutdown completed.
[22:05:47] [Server thread/INFO]: [AutoTreeChop] All queued player data saved successfully.
[22:05:47] [Server thread/INFO]: [AutoTreeChop] AutoTreeChop disabled!
[22:05:47] [Server thread/INFO]: [GrapplingHook] Disabling GrapplingHook v1.6.5
[22:05:48] [Server thread/INFO]: [SimpleRTP] Disabling SimpleRTP v5.7
[22:05:48] [Server thread/INFO]: [SkinsRestorer] Disabling SkinsRestorer v15.12.5
[22:05:48] [Server thread/INFO]: [Veinminer] Disabling Veinminer v2.12.1
[22:05:48] [Server thread/INFO]: [SimpleTpa] Disabling SimpleTpa v8.0
[22:05:48] [Server thread/INFO]: [SimpleTpa] If you need support contact me at https://discord.gg/SZUkza9
[22:05:48] [Server thread/INFO]: [SimpleTpa] Simple Tpa has been disabled on version 8.0
[22:05:48] [Server thread/INFO]: [LoginSecurity] Disabling LoginSecurity v3.3.1
[22:05:48] [Server thread/INFO]: [LoginSecurity] Waiting for queued tasks...
[22:05:48] [Server thread/INFO]: [LoginSecurity] ExecutorService shut down, ready to disable.
[22:05:48] [Server thread/INFO]: Saving players
[22:05:48] [Server thread/INFO]: KONTONBOOGIE lost connection: Server closed
[22:05:48] [Server thread/INFO]: KONTONBOOGIE left the game
[22:05:48] [Server thread/INFO]: Saving worlds
[22:05:48] [Server thread/INFO]: Saving chunks for level 'ServerLevel[BlublubySMP]'/minecraft:overworld
[22:05:48] [Server thread/INFO]: [ChunkHolderManager] Waiting 60s for chunk system to halt for world 'minecraft:overworld'
[22:05:48] [Server thread/INFO]: [ChunkHolderManager] Halted chunk system for world 'minecraft:overworld'
[22:05:48] [Server thread/INFO]: [ChunkHolderManager] Saving all chunkholders for world 'minecraft:overworld'
[22:05:48] [Server thread/INFO]: [ChunkHolderManager] Saved 675 block chunks, 675 entity chunks, 0 poi chunks in world 'minecraft:overworld' in 0.63s
[22:05:48] [Server thread/INFO]: [ChunkHolderManager] Waiting 60s for chunk I/O to halt for world 'minecraft:overworld'
[22:05:48] [Server thread/INFO]: [ChunkHolderManager] Halted I/O scheduler for world 'minecraft:overworld'
[22:05:48] [Server thread/INFO]: Saving chunks for level 'ServerLevel[BlublubySMP]'/minecraft:the_nether
[22:05:48] [Server thread/INFO]: [ChunkHolderManager] Waiting 60s for chunk system to halt for world 'minecraft:the_nether'
[22:05:48] [Server thread/INFO]: [ChunkHolderManager] Halted chunk system for world 'minecraft:the_nether'
[22:05:48] [Server thread/INFO]: [ChunkHolderManager] Saving all chunkholders for world 'minecraft:the_nether'
[22:05:48] [Server thread/INFO]: [ChunkHolderManager] Saved 0 block chunks, 0 entity chunks, 0 poi chunks in world 'minecraft:the_nether' in 0.00s
[22:05:48] [Server thread/INFO]: [ChunkHolderManager] Waiting 60s for chunk I/O to halt for world 'minecraft:the_nether'
[22:05:48] [Server thread/INFO]: [ChunkHolderManager] Halted I/O scheduler for world 'minecraft:the_nether'
[22:05:48] [Server thread/INFO]: Saving chunks for level 'ServerLevel[BlublubySMP]'/minecraft:the_end
[22:05:48] [Server thread/INFO]: [ChunkHolderManager] Waiting 60s for chunk system to halt for world 'minecraft:the_end'
[22:05:48] [Server thread/INFO]: [ChunkHolderManager] Halted chunk system for world 'minecraft:the_end'
[22:05:48] [Server thread/INFO]: [ChunkHolderManager] Saving all chunkholders for world 'minecraft:the_end'
[22:05:48] [Server thread/INFO]: [ChunkHolderManager] Saved 0 block chunks, 0 entity chunks, 0 poi chunks in world 'minecraft:the_end' in 0.00s
[22:05:48] [Server thread/INFO]: [ChunkHolderManager] Waiting 60s for chunk I/O to halt for world 'minecraft:the_end'
[22:05:48] [Server thread/INFO]: [ChunkHolderManager] Halted I/O scheduler for world 'minecraft:the_end'
[22:05:48] [Server thread/INFO]: ThreadedAnvilChunkStorage (world): All chunks are saved
[22:05:48] [Server thread/INFO]: ThreadedAnvilChunkStorage (DIM-1): All chunks are saved
[22:05:48] [Server thread/INFO]: ThreadedAnvilChunkStorage (DIM1): All chunks are saved
[22:05:48] [Server thread/INFO]: ThreadedAnvilChunkStorage: All dimensions are saved
[22:05:48] [Server thread/INFO]: Waiting for all RegionFile I/O tasks to complete...
[22:05:48] [Server thread/INFO]: All RegionFile I/O tasks to complete
[22:05:48] [Server thread/INFO]: [MoonriseCommon] Awaiting termination of worker pool for up to 60s...
[22:05:48] [Server thread/INFO]: [MoonriseCommon] Awaiting termination of I/O pool for up to 60s...
